// Jest Snapshot v1, https://jestjs.io/docs/snapshot-testing

exports[`Button Component matches snapshot 1`] = `
<button
  class="sc-bRKDuR bcDZqI"
>
  Test Button
</button>
`;
